../Core/Src/main.c:88:6:HAL_TIM_PeriodElapsedCallback	32	static
../Core/Src/main.c:111:6:setup	4	static
../Core/Src/main.c:121:5:main	56	static
../Core/Src/main.c:219:6:SystemClock_Config	88	static
../Core/Src/main.c:269:13:MX_I2C1_Init	8	static
../Core/Src/main.c:317:13:MX_TIM2_Init	48	static
../Core/Src/main.c:370:13:MX_TIM3_Init	56	static
../Core/Src/main.c:419:13:MX_TIM4_Init	40	static
../Core/Src/main.c:464:13:MX_USART3_UART_Init	8	static
../Core/Src/main.c:499:13:MX_USB_OTG_FS_PCD_Init	8	static
../Core/Src/main.c:534:13:MX_GPIO_Init	56	static
../Core/Src/main.c:626:6:Error_Handler	4	static,ignoring_inline_asm
