../Core/Src/main.c:88:6:HAL_TIM_PeriodElapsedCallback	3
../Core/Src/main.c:111:6:setup	1
../Core/Src/main.c:121:5:main	3
../Core/Src/main.c:219:6:SystemClock_Config	3
../Core/Src/main.c:269:13:MX_I2C1_Init	4
../Core/Src/main.c:317:13:MX_TIM2_Init	5
../Core/Src/main.c:370:13:MX_TIM3_Init	3
../Core/Src/main.c:419:13:MX_TIM4_Init	4
../Core/Src/main.c:464:13:MX_USART3_UART_Init	2
../Core/Src/main.c:499:13:MX_USB_OTG_FS_PCD_Init	2
../Core/Src/main.c:534:13:MX_GPIO_Init	1
../Core/Src/main.c:626:6:Error_Handler	1
